Archive member included to satisfy reference by file (symbol)

C:\MRS_DATA\workspace\CH592F\StdPeriphDriver\libISP592.a(ISP583.o)
                              ./StdPeriphDriver/CH59x_flash.o (FLASH_EEPROM_CMD)
c:/mounriver/mounriver_studio/toolchain/risc-v embedded gcc/bin/../lib/gcc/riscv-none-embed/8.2.0/../../../../riscv-none-embed/lib/rv32imac/ilp32\libg_nano.a(lib_a-memcpy.o)
                              ./User/lcd.o (memcpy)
c:/mounriver/mounriver_studio/toolchain/risc-v embedded gcc/bin/../lib/gcc/riscv-none-embed/8.2.0/../../../../riscv-none-embed/lib/rv32imac/ilp32\libg_nano.a(lib_a-memset.o)
                              ./User/lcd.o (memset)
c:/mounriver/mounriver_studio/toolchain/risc-v embedded gcc/bin/../lib/gcc/riscv-none-embed/8.2.0/../../../../riscv-none-embed/lib/rv32imac/ilp32\libg_nano.a(lib_a-printf.o)
                              ./StdPeriphDriver/CH59x_usbhostBase.o (printf)
c:/mounriver/mounriver_studio/toolchain/risc-v embedded gcc/bin/../lib/gcc/riscv-none-embed/8.2.0/../../../../riscv-none-embed/lib/rv32imac/ilp32\libg_nano.a(lib_a-putchar.o)
                              ./StdPeriphDriver/CH59x_usbhostClass.o (putchar)
c:/mounriver/mounriver_studio/toolchain/risc-v embedded gcc/bin/../lib/gcc/riscv-none-embed/8.2.0/../../../../riscv-none-embed/lib/rv32imac/ilp32\libg_nano.a(lib_a-puts.o)
                              ./StdPeriphDriver/CH59x_usbhostBase.o (puts)
c:/mounriver/mounriver_studio/toolchain/risc-v embedded gcc/bin/../lib/gcc/riscv-none-embed/8.2.0/../../../../riscv-none-embed/lib/rv32imac/ilp32\libg_nano.a(lib_a-wbuf.o)
                              c:/mounriver/mounriver_studio/toolchain/risc-v embedded gcc/bin/../lib/gcc/riscv-none-embed/8.2.0/../../../../riscv-none-embed/lib/rv32imac/ilp32\libg_nano.a(lib_a-puts.o) (__swbuf_r)
c:/mounriver/mounriver_studio/toolchain/risc-v embedded gcc/bin/../lib/gcc/riscv-none-embed/8.2.0/../../../../riscv-none-embed/lib/rv32imac/ilp32\libg_nano.a(lib_a-wsetup.o)
                              c:/mounriver/mounriver_studio/toolchain/risc-v embedded gcc/bin/../lib/gcc/riscv-none-embed/8.2.0/../../../../riscv-none-embed/lib/rv32imac/ilp32\libg_nano.a(lib_a-puts.o) (__swsetup_r)
c:/mounriver/mounriver_studio/toolchain/risc-v embedded gcc/bin/../lib/gcc/riscv-none-embed/8.2.0/../../../../riscv-none-embed/lib/rv32imac/ilp32\libg_nano.a(lib_a-fflush.o)
                              c:/mounriver/mounriver_studio/toolchain/risc-v embedded gcc/bin/../lib/gcc/riscv-none-embed/8.2.0/../../../../riscv-none-embed/lib/rv32imac/ilp32\libg_nano.a(lib_a-wbuf.o) (_fflush_r)
c:/mounriver/mounriver_studio/toolchain/risc-v embedded gcc/bin/../lib/gcc/riscv-none-embed/8.2.0/../../../../riscv-none-embed/lib/rv32imac/ilp32\libg_nano.a(lib_a-findfp.o)
                              c:/mounriver/mounriver_studio/toolchain/risc-v embedded gcc/bin/../lib/gcc/riscv-none-embed/8.2.0/../../../../riscv-none-embed/lib/rv32imac/ilp32\libg_nano.a(lib_a-printf.o) (__sinit)
c:/mounriver/mounriver_studio/toolchain/risc-v embedded gcc/bin/../lib/gcc/riscv-none-embed/8.2.0/../../../../riscv-none-embed/lib/rv32imac/ilp32\libg_nano.a(lib_a-fwalk.o)
                              c:/mounriver/mounriver_studio/toolchain/risc-v embedded gcc/bin/../lib/gcc/riscv-none-embed/8.2.0/../../../../riscv-none-embed/lib/rv32imac/ilp32\libg_nano.a(lib_a-findfp.o) (_fwalk)
c:/mounriver/mounriver_studio/toolchain/risc-v embedded gcc/bin/../lib/gcc/riscv-none-embed/8.2.0/../../../../riscv-none-embed/lib/rv32imac/ilp32\libg_nano.a(lib_a-impure.o)
                              c:/mounriver/mounriver_studio/toolchain/risc-v embedded gcc/bin/../lib/gcc/riscv-none-embed/8.2.0/../../../../riscv-none-embed/lib/rv32imac/ilp32\libg_nano.a(lib_a-fflush.o) (_global_impure_ptr)
c:/mounriver/mounriver_studio/toolchain/risc-v embedded gcc/bin/../lib/gcc/riscv-none-embed/8.2.0/../../../../riscv-none-embed/lib/rv32imac/ilp32\libg_nano.a(lib_a-makebuf.o)
                              c:/mounriver/mounriver_studio/toolchain/risc-v embedded gcc/bin/../lib/gcc/riscv-none-embed/8.2.0/../../../../riscv-none-embed/lib/rv32imac/ilp32\libg_nano.a(lib_a-wsetup.o) (__smakebuf_r)
c:/mounriver/mounriver_studio/toolchain/risc-v embedded gcc/bin/../lib/gcc/riscv-none-embed/8.2.0/../../../../riscv-none-embed/lib/rv32imac/ilp32\libg_nano.a(lib_a-nano-freer.o)
                              c:/mounriver/mounriver_studio/toolchain/risc-v embedded gcc/bin/../lib/gcc/riscv-none-embed/8.2.0/../../../../riscv-none-embed/lib/rv32imac/ilp32\libg_nano.a(lib_a-wsetup.o) (_free_r)
c:/mounriver/mounriver_studio/toolchain/risc-v embedded gcc/bin/../lib/gcc/riscv-none-embed/8.2.0/../../../../riscv-none-embed/lib/rv32imac/ilp32\libg_nano.a(lib_a-nano-mallocr.o)
                              c:/mounriver/mounriver_studio/toolchain/risc-v embedded gcc/bin/../lib/gcc/riscv-none-embed/8.2.0/../../../../riscv-none-embed/lib/rv32imac/ilp32\libg_nano.a(lib_a-findfp.o) (_malloc_r)
[...]
Memory Configuration

Name             Origin             Length             Attributes
FLASH            0x0000000000000000 0x0000000000070000 xr
RAM              0x0000000020000000 0x0000000000006800 xrw
*default*        0x0000000000000000 0xffffffffffffffff

Linker script and memory map

LOAD ./User/Main.o
LOAD ./User/lcd.o
LOAD ./StdPeriphDriver/CH59x_adc.o
LOAD ./StdPeriphDriver/CH59x_clk.o
LOAD ./StdPeriphDriver/CH59x_flash.o
LOAD ./StdPeriphDriver/CH59x_gpio.o
LOAD ./StdPeriphDriver/CH59x_i2c.o
LOAD ./StdPeriphDriver/CH59x_lcd.o
LOAD ./StdPeriphDriver/CH59x_pwm.o
LOAD ./StdPeriphDriver/CH59x_pwr.o
LOAD ./StdPeriphDriver/CH59x_spi0.o
LOAD ./StdPeriphDriver/CH59x_sys.o
LOAD ./StdPeriphDriver/CH59x_timer0.o
LOAD ./StdPeriphDriver/CH59x_timer1.o
LOAD ./StdPeriphDriver/CH59x_timer2.o
LOAD ./StdPeriphDriver/CH59x_timer3.o
LOAD ./StdPeriphDriver/CH59x_uart0.o
LOAD ./StdPeriphDriver/CH59x_uart1.o
LOAD ./StdPeriphDriver/CH59x_uart2.o
LOAD ./StdPeriphDriver/CH59x_uart3.o
LOAD ./StdPeriphDriver/CH59x_usbdev.o
LOAD ./StdPeriphDriver/CH59x_usbhostBase.o
LOAD ./StdPeriphDriver/CH59x_usbhostClass.o
LOAD ./StdPeriphDriver/delay.o
LOAD ./Startup/startup_CH592.o
LOAD ./RVMSIS/core_riscv.o
LOAD C:\MRS_DATA\workspace\CH592F\StdPeriphDriver\libISP592.a
LOAD c:/mounriver/mounriver_studio/toolchain/risc-v embedded gcc/bin/../lib/gcc/riscv-none-embed/8.2.0/rv32imac/ilp32\libgcc.a
LOAD c:/mounriver/mounriver_studio/toolchain/risc-v embedded gcc/bin/../lib/gcc/riscv-none-embed/8.2.0/../../../../riscv-none-embed/lib/rv32imac/ilp32\libg_nano.a
LOAD c:/mounriver/mounriver_studio/toolchain/risc-v embedded gcc/bin/../lib/gcc/riscv-none-embed/8.2.0/../../../../riscv-none-embed/lib/rv32imac/ilp32\libc_nano.a
LOAD c:/mounriver/mounriver_studio/toolchain/risc-v embedded gcc/bin/../lib/gcc/riscv-none-embed/8.2.0/rv32imac/ilp32\libgcc.a
START GROUP
LOAD c:/mounriver/mounriver_studio/toolchain/risc-v embedded gcc/bin/../lib/gcc/riscv-none-embed/8.2.0/rv32imac/ilp32\libgcc.a
LOAD c:/mounriver/mounriver_studio/toolchain/risc-v embedded gcc/bin/../lib/gcc/riscv-none-embed/8.2.0/../../../../riscv-none-embed/lib/rv32imac/ilp32\libc_nano.a
LOAD c:/mounriver/mounriver_studio/toolchain/risc-v embedded gcc/bin/../lib/gcc/riscv-none-embed/8.2.0/../../../../riscv-none-embed/lib/rv32imac/ilp32\libnosys.a
END GROUP
START GROUP
LOAD c:/mounriver/mounriver_studio/toolchain/risc-v embedded gcc/bin/../lib/gcc/riscv-none-embed/8.2.0/rv32imac/ilp32\libgcc.a
LOAD c:/mounriver/mounriver_studio/toolchain/risc-v embedded gcc/bin/../lib/gcc/riscv-none-embed/8.2.0/../../../../riscv-none-embed/lib/rv32imac/ilp32\libc_nano.a
LOAD c:/mounriver/mounriver_studio/toolchain/risc-v embedded gcc/bin/../lib/gcc/riscv-none-embed/8.2.0/../../../../riscv-none-embed/lib/rv32imac/ilp32\libnosys.a
END GROUP

.init           0x0000000000000000        0x4
                0x0000000000000000                _sinit = .
                0x0000000000000000                . = ALIGN (0x4)
 *(SORT_NONE(.init))
 .init          0x0000000000000000        0x4 ./Startup/startup_CH592.o
                0x0000000000000000                _start
                0x0000000000000004                . = ALIGN (0x4)
                0x0000000000000004                _einit = .

.highcodelalign
                0x0000000000000004        0x0
                0x0000000000000004                . = ALIGN (0x4)
                0x0000000000000004                PROVIDE (_highcode_lma = .)

.highcode       0x0000000020000000      0x92c load address 0x0000000000000004
                0x0000000020000000                . = ALIGN (0x4)
                0x0000000020000000                PROVIDE (_highcode_vma_start = .)
 *(.vector)
 .vector        0x0000000020000000       0x90 ./Startup/startup_CH592.o
 *(SORT_NONE(.vector_handler))
 .vector_handler
                0x0000000020000090        0x2 ./Startup/startup_CH592.o
                0x0000000020000090                GPIOB_IRQHandler
                0x0000000020000090                GPIOA_IRQHandler
                0x0000000020000090                SysTick_Handler
                0x0000000020000090                NMI_Handler
                0x0000000020000090                UART1_IRQHandler
                0x0000000020000090                UART0_IRQHandler
                0x0000000020000090                BB_IRQHandler
                0x0000000020000090                Break_Point_Handler
                0x0000000020000090                Ecall_M_Mode_Handler
                0x0000000020000090                RTC_IRQHandler
                0x0000000020000090                UART2_IRQHandler
                0x0000000020000090                PWMX_IRQHandler
                0x0000000020000090                ADC_IRQHandler
                0x0000000020000090                TMR2_IRQHandler
                0x0000000020000090                USB_IRQHandler
                0x0000000020000090                I2C_IRQHandler
                0x0000000020000090                LLE_IRQHandler
                0x0000000020000090                WDOG_BAT_IRQHandler
                0x0000000020000090                Ecall_U_Mode_Handler
                0x0000000020000090                TMR3_IRQHandler
                0x0000000020000090                SW_Handler
                0x0000000020000090                SPI0_IRQHandler
                0x0000000020000090                UART3_IRQHandler
                0x0000000020000090                TMR1_IRQHandler
 *(.highcode)
 .highcode      0x0000000020000092       0x52 ./User/Main.o
                0x0000000020000092                TMR0_IRQHandler
 .highcode      0x00000000200000e4      0x420 ./StdPeriphDriver/CH59x_sys.o
                0x00000000200000e4                SetSysClock
                0x000000002000037e                SYS_ResetExecute
                0x00000000200003fc                HardFault_Handler
                0x00000000200004ce                mDelayuS
                0x00000000200004dc                mDelaymS
 .highcode      0x0000000020000504      0x426 C:\MRS_DATA\workspace\CH592F\StdPeriphDriver\libISP592.a(ISP583.o)
                0x0000000020000504                FLASH_ROM_BEG
                0x0000000020000516                FLASH_ROM_END
                0x0000000020000524                FLASH_ROM_IN
                0x0000000020000532                FLASH_ROM_OUT
                0x0000000020000540                FLASH_ROM_ADDR
                0x0000000020000588                FLASH_ROM_WAIT
                0x00000000200005c0                FLASH_EEPROM_CMD
 *(.highcode.*)
                0x000000002000092c                . = ALIGN (0x4)
 *fill*         0x000000002000092a        0x2 
                0x000000002000092c                PROVIDE (_highcode_vma_end = .)

.text           0x0000000000000930      0x854
                0x0000000000000930                . = ALIGN (0x4)
 *(SORT_NONE(.handle_reset))
 .handle_reset  0x0000000000000930       0xb2 ./Startup/startup_CH592.o
                0x0000000000000930                handle_reset
 *(.text)
 *(.text.*)
 .text.set_TMR0IRQ
                0x00000000000009e2       0x2e ./User/Main.o
                0x00000000000009e2                set_TMR0IRQ
 .text.startup.main
                0x0000000000000a10       0x4e ./User/Main.o
                0x0000000000000a10                main
 .text.Write_Data_H
                0x0000000000000a5e       0x6e ./User/lcd.o
 .text.WriteCmd
                0x0000000000000acc       0x44 ./User/lcd.o
 .text.lcd_xdigital
                0x0000000000000b10       0x66 ./User/lcd.o
 .text.lcd_flag
                0x0000000000000b76       0x86 ./User/lcd.o
 .text.lcd_blank
                0x0000000000000bfc       0x16 ./User/lcd.o
 .text.lcd_xdigitals
                0x0000000000000c12       0x84 ./User/lcd.o
 .text.lcd_flush
                0x0000000000000c96       0xba ./User/lcd.o
 .text.lcd_disp_blank
                0x0000000000000d50        0xc ./User/lcd.o
                0x0000000000000d50                lcd_disp_blank
 .text.lcd_disp_num
                0x0000000000000d5c      0x102 ./User/lcd.o
                0x0000000000000d5c                lcd_disp_num
 .text.lcd_disp_init
                0x0000000000000e5e       0x90 ./User/lcd.o
                0x0000000000000e5e                lcd_disp_init
 .text.GPIOA_ModeCfg
                0x0000000000000eee       0xa6 ./StdPeriphDriver/CH59x_gpio.o
                0x0000000000000eee                GPIOA_ModeCfg
 .text.GetSysClock
                0x0000000000000f94       0x40 ./StdPeriphDriver/CH59x_sys.o
                0x0000000000000f94                GetSysClock
 .text.TMR0_TimerInit
                0x0000000000000fd4       0x14 ./StdPeriphDriver/CH59x_timer0.o
                0x0000000000000fd4                TMR0_TimerInit
 .text.UART3_BaudRateCfg
                0x0000000000000fe8       0x30 ./StdPeriphDriver/CH59x_uart3.o
                0x0000000000000fe8                UART3_BaudRateCfg
 .text.UART3_DefInit
                0x0000000000001018       0x32 ./StdPeriphDriver/CH59x_uart3.o
                0x0000000000001018                UART3_DefInit
 .text.UART3_SendString
                0x000000000000104a       0x28 ./StdPeriphDriver/CH59x_uart3.o
                0x000000000000104a                UART3_SendString
 .text.memcpy   0x0000000000001072       0xb6 c:/mounriver/mounriver_studio/toolchain/risc-v embedded gcc/bin/../lib/gcc/riscv-none-embed/8.2.0/../../../../riscv-none-embed/lib/rv32imac/ilp32\libg_nano.a(lib_a-memcpy.o)
                0x0000000000001072                memcpy
 *(.rodata)
 *(.rodata*)
 .rodata.main.str1.4
                0x0000000000001128        0x8 ./User/Main.o
                                          0x6 (size before relaxing)
 .rodata.flag_addr
                0x0000000000001130        0xb ./User/lcd.o
 *fill*         0x000000000000113b        0x1 
 .rodata.flag_data
                0x000000000000113c        0xb ./User/lcd.o
 *fill*         0x0000000000001147        0x1 
 .rodata.xdigital_addr
                0x0000000000001148       0x12 ./User/lcd.o
 *fill*         0x000000000000115a        0x2 
 .rodata.xdigital_data
                0x000000000000115c       0x14 ./User/lcd.o
 .rodata.GPIOA_ModeCfg
                0x0000000000001170       0x14 ./StdPeriphDriver/CH59x_gpio.o
 *(.sdata2.*)
 *(.glue_7)
 *(.glue_7t)
 *(.gnu.linkonce.t.*)
                0x0000000000001184                . = ALIGN (0x4)

.rela.dyn       0x0000000000001184        0x0
 .rela.init     0x0000000000001184        0x0 ./User/Main.o
 .rela.vector   0x0000000000001184        0x0 ./User/Main.o
 .rela.handle_reset
                0x0000000000001184        0x0 ./User/Main.o

.fini           0x0000000000001184        0x0
 *(SORT_NONE(.fini))
                0x0000000000001184                . = ALIGN (0x4)
                [!provide]                        PROVIDE (_etext = .)
                [!provide]                        PROVIDE (_eitcm = .)

.preinit_array  0x0000000000001184        0x0
                [!provide]                        PROVIDE (__preinit_array_start = .)
 *(.preinit_array)
                [!provide]                        PROVIDE (__preinit_array_end = .)

.init_array     0x0000000000001184        0x0
                [!provide]                        PROVIDE (__init_array_start = .)
 *(SORT_BY_INIT_PRIORITY(.init_array.*) SORT_BY_INIT_PRIORITY(.ctors.*))
 *(.init_array EXCLUDE_FILE(*crtend?.o *crtend.o *crtbegin?.o *crtbegin.o) .ctors)
                [!provide]                        PROVIDE (__init_array_end = .)

.fini_array     0x0000000000001184        0x0
                [!provide]                        PROVIDE (__fini_array_start = .)
 *(SORT_BY_INIT_PRIORITY(.fini_array.*) SORT_BY_INIT_PRIORITY(.dtors.*))
 *(.fini_array EXCLUDE_FILE(*crtend?.o *crtend.o *crtbegin?.o *crtbegin.o) .dtors)
                [!provide]                        PROVIDE (__fini_array_end = .)

.ctors
 *crtbegin.o(.ctors)
 *crtbegin?.o(.ctors)
 *(EXCLUDE_FILE(*crtend?.o *crtend.o) .ctors)
 *(SORT_BY_NAME(.ctors.*))
 *(.ctors)

.dtors
 *crtbegin.o(.dtors)
 *crtbegin?.o(.dtors)
 *(EXCLUDE_FILE(*crtend?.o *crtend.o) .dtors)
 *(SORT_BY_NAME(.dtors.*))
 *(.dtors)

.dalign         0x000000002000092c        0x0 load address 0x0000000000001184
                0x000000002000092c                . = (ORIGIN (RAM) + MAX (0x800, SIZEOF (.highcode)))

.dlalign        0x0000000000001184        0x0
                0x0000000000001184                . = ALIGN (0x4)
                0x0000000000001184                PROVIDE (_data_lma = .)

.data           0x000000002000092c        0x4 load address 0x0000000000001184
                0x000000002000092c                . = ALIGN (0x4)
                0x000000002000092c                PROVIDE (_data_vma = .)
 *(.gnu.linkonce.r.*)
 *(.data .data.*)
 *(.gnu.linkonce.d.*)
                0x0000000020000930                . = ALIGN (0x8)
 *fill*         0x000000002000092c        0x4 
                0x0000000020001130                PROVIDE (__global_pointer$ = (. + 0x800))
 *(.sdata .sdata.*)
 *(.gnu.linkonce.s.*)
                0x0000000020000930                . = ALIGN (0x8)
 *(.srodata.cst16)
 *(.srodata.cst8)
 *(.srodata.cst4)
 *(.srodata.cst2)
 *(.srodata .srodata.*)
                0x0000000020000930                . = ALIGN (0x4)
                0x0000000020000930                PROVIDE (_edata = .)

.bss            0x0000000020000930       0x18 load address 0x0000000000001184
                0x0000000020000930                . = ALIGN (0x4)
                0x0000000020000930                PROVIDE (_sbss = .)
 *(.sbss*)
 .sbss.i        0x0000000020000930        0x1 ./User/Main.o
                0x0000000020000930                i
 *fill*         0x0000000020000931        0x3 
 .sbss.IRQ_STA  0x0000000020000934        0x4 ./StdPeriphDriver/CH59x_sys.o
                0x0000000020000934                IRQ_STA
 *(.gnu.linkonce.sb.*)
 *(.bss*)
 .bss.gs_lcd_ram
                0x0000000020000938       0x10 ./User/lcd.o
 *(.gnu.linkonce.b.*)
 *(COMMON*)
                0x0000000020000948                . = ALIGN (0x4)
                0x0000000020000948                PROVIDE (_ebss = .)
                [!provide]                        PROVIDE (_end = _ebss)
                0x0000000020000948                PROVIDE (end = .)

.stack          0x0000000020006800        0x0
                0x0000000020006800                . = ALIGN (0x4)
                0x0000000020006800                PROVIDE (_eusrstack = .)
OUTPUT(CH592F.elf elf32-littleriscv)

.debug_info     0x0000000000000000     0x6b1a
 .debug_info    0x0000000000000000     0x123b ./User/Main.o
 .debug_info    0x000000000000123b     0x1663 ./User/lcd.o
 .debug_info    0x000000000000289e      0xe43 ./StdPeriphDriver/CH59x_gpio.o
 .debug_info    0x00000000000036e1     0x1867 ./StdPeriphDriver/CH59x_sys.o
 .debug_info    0x0000000000004f48      0xd95 ./StdPeriphDriver/CH59x_timer0.o
 .debug_info    0x0000000000005cdd      0xe1b ./StdPeriphDriver/CH59x_uart3.o
 .debug_info    0x0000000000006af8       0x22 ./Startup/startup_CH592.o

.debug_abbrev   0x0000000000000000     0x1255
 .debug_abbrev  0x0000000000000000      0x31e ./User/Main.o
 .debug_abbrev  0x000000000000031e      0x3e1 ./User/lcd.o
 .debug_abbrev  0x00000000000006ff      0x268 ./StdPeriphDriver/CH59x_gpio.o
 .debug_abbrev  0x0000000000000967      0x3fd ./StdPeriphDriver/CH59x_sys.o
 .debug_abbrev  0x0000000000000d64      0x235 ./StdPeriphDriver/CH59x_timer0.o
 .debug_abbrev  0x0000000000000f99      0x2aa ./StdPeriphDriver/CH59x_uart3.o
 .debug_abbrev  0x0000000000001243       0x12 ./Startup/startup_CH592.o

.debug_loc      0x0000000000000000     0x15bf
 .debug_loc     0x0000000000000000       0x14 ./User/Main.o
 .debug_loc     0x0000000000000014      0xa5a ./User/lcd.o
 .debug_loc     0x0000000000000a6e      0x361 ./StdPeriphDriver/CH59x_gpio.o
 .debug_loc     0x0000000000000dcf      0x57f ./StdPeriphDriver/CH59x_sys.o
 .debug_loc     0x000000000000134e       0x84 ./StdPeriphDriver/CH59x_timer0.o
 .debug_loc     0x00000000000013d2      0x1ed ./StdPeriphDriver/CH59x_uart3.o

.debug_aranges  0x0000000000000000      0x240
 .debug_aranges
                0x0000000000000000       0x30 ./User/Main.o
 .debug_aranges
                0x0000000000000030       0x88 ./User/lcd.o
 .debug_aranges
                0x00000000000000b8       0x48 ./StdPeriphDriver/CH59x_gpio.o
 .debug_aranges
                0x0000000000000100       0x88 ./StdPeriphDriver/CH59x_sys.o
 .debug_aranges
                0x0000000000000188       0x38 ./StdPeriphDriver/CH59x_timer0.o
 .debug_aranges
                0x00000000000001c0       0x50 ./StdPeriphDriver/CH59x_uart3.o
 .debug_aranges
                0x0000000000000210       0x30 ./Startup/startup_CH592.o

.debug_ranges   0x0000000000000000      0x2a0
 .debug_ranges  0x0000000000000000       0x38 ./User/Main.o
 .debug_ranges  0x0000000000000038      0x128 ./User/lcd.o
 .debug_ranges  0x0000000000000160       0x38 ./StdPeriphDriver/CH59x_gpio.o
 .debug_ranges  0x0000000000000198       0x78 ./StdPeriphDriver/CH59x_sys.o
 .debug_ranges  0x0000000000000210       0x28 ./StdPeriphDriver/CH59x_timer0.o
 .debug_ranges  0x0000000000000238       0x40 ./StdPeriphDriver/CH59x_uart3.o
 .debug_ranges  0x0000000000000278       0x28 ./Startup/startup_CH592.o

.debug_line     0x0000000000000000     0x3a83
 .debug_line    0x0000000000000000      0x3f6 ./User/Main.o
 .debug_line    0x00000000000003f6      0xf59 ./User/lcd.o
 .debug_line    0x000000000000134f      0x747 ./StdPeriphDriver/CH59x_gpio.o
 .debug_line    0x0000000000001a96     0x157c ./StdPeriphDriver/CH59x_sys.o
 .debug_line    0x0000000000003012      0x3ab ./StdPeriphDriver/CH59x_timer0.o
 .debug_line    0x00000000000033bd      0x57b ./StdPeriphDriver/CH59x_uart3.o
 .debug_line    0x0000000000003938      0x14b ./Startup/startup_CH592.o

.debug_str      0x0000000000000000     0x11a8
 .debug_str     0x0000000000000000      0xbb4 ./User/Main.o
                                        0xc4f (size before relaxing)
 .debug_str     0x0000000000000bb4      0x13d ./User/lcd.o
                                        0xaa5 (size before relaxing)
 .debug_str     0x0000000000000cf1      0x100 ./StdPeriphDriver/CH59x_gpio.o
                                        0x981 (size before relaxing)
 .debug_str     0x0000000000000df1      0x1b3 ./StdPeriphDriver/CH59x_sys.o
                                        0xb7b (size before relaxing)
 .debug_str     0x0000000000000fa4      0x111 ./StdPeriphDriver/CH59x_timer0.o
                                        0x930 (size before relaxing)
 .debug_str     0x00000000000010b5       0xcc ./StdPeriphDriver/CH59x_uart3.o
                                        0x926 (size before relaxing)
 .debug_str     0x0000000000001181       0x27 ./Startup/startup_CH592.o
                                         0x48 (size before relaxing)

.comment        0x0000000000000000       0x33
 .comment       0x0000000000000000       0x33 ./User/Main.o
                                         0x34 (size before relaxing)
 .comment       0x0000000000000033       0x34 ./User/lcd.o
 .comment       0x0000000000000033       0x34 ./StdPeriphDriver/CH59x_gpio.o
 .comment       0x0000000000000033       0x34 ./StdPeriphDriver/CH59x_sys.o
 .comment       0x0000000000000033       0x34 ./StdPeriphDriver/CH59x_timer0.o
 .comment       0x0000000000000033       0x34 ./StdPeriphDriver/CH59x_uart3.o
 .comment       0x0000000000000033       0x34 C:\MRS_DATA\workspace\CH592F\StdPeriphDriver\libISP592.a(ISP583.o)

.debug_frame    0x0000000000000000      0x500
 .debug_frame   0x0000000000000000       0x54 ./User/Main.o
 .debug_frame   0x0000000000000054      0x21c ./User/lcd.o
 .debug_frame   0x0000000000000270       0x70 ./StdPeriphDriver/CH59x_gpio.o
 .debug_frame   0x00000000000002e0      0x114 ./StdPeriphDriver/CH59x_sys.o
 .debug_frame   0x00000000000003f4       0x50 ./StdPeriphDriver/CH59x_timer0.o
 .debug_frame   0x0000000000000444       0x9c ./StdPeriphDriver/CH59x_uart3.o
 .debug_frame   0x00000000000004e0       0x20 c:/mounriver/mounriver_studio/toolchain/risc-v embedded gcc/bin/../lib/gcc/riscv-none-embed/8.2.0/../../../../riscv-none-embed/lib/rv32imac/ilp32\libg_nano.a(lib_a-memcpy.o)

.stabstr        0x0000000000000000      0x117
 .stabstr       0x0000000000000000      0x117 c:/mounriver/mounriver_studio/toolchain/risc-v embedded gcc/bin/../lib/gcc/riscv-none-embed/8.2.0/../../../../riscv-none-embed/lib/rv32imac/ilp32\libnosys.a(close.o)
